// Jest Snapshot v1, https://goo.gl/fbAQLP

exports[`Testing <OperationItem /> Testing render 1`] = `
<div>
  <div
    class="container-fluid border border-radius border-dark p-1 mb-1"
    style="background-color: rgba(255, 255, 255, 0.5); overflow: hidden;"
  >
    <div
      class="row"
    >
      <div
        class="col-5"
      >
        <table
          class="table table-striped table-hover table-dark m-0"
        >
          <tbody>
            <tr>
              <td>
                ID:
              </td>
              <td>
                testId
              </td>
            </tr>
            <tr>
              <td>
                Status:
              </td>
              <td>
                POSTED_SUCCESS
              </td>
            </tr>
            <tr>
              <td>
                TimeLeft:
              </td>
              <td>
                100
              </td>
            </tr>
          </tbody>
        </table>
      </div>
      <div
        class="col-7"
      >
        <table
          class="table table-striped table-hover table-dark m-0"
        >
          <tbody>
            <tr>
              <td>
                CreateDate:
              </td>
              <td>
                2021-03-01, 17:00:01
              </td>
            </tr>
            <tr>
              <td>
                Cryptoprofile:
              </td>
              <td>
                testCryptoprofile
              </td>
            </tr>
            <tr>
              <td>
                DocumentsCount:
              </td>
              <td>
                1
              </td>
            </tr>
          </tbody>
        </table>
      </div>
    </div>
  </div>
</div>
`;
